
[TestNodeStatsResponseStructure - 1]
Unmarshalled NodeInfoResponse
responses.NodeInfoResponse{
    Host:        "9e6e14cf5532",
    Version:     "8.6.1",
    HTTPAddress: "0.0.0.0:9600",
    ID:          "a2c7110e-5ccf-4226-bc9b-e773710e66a0",
    Name:        "9e6e14cf5532",
    Pipeline:    struct { Workers int "json:\"workers\""; BatchSize int "json:\"batch_size\""; BatchDelay int "json:\"batch_delay\""; ConfigReloadAutomatic bool "json:\"config_reload_automatic\""; ConfigReloadInterval int "json:\"config_reload_interval\"" }{Workers:16, BatchSize:125, BatchDelay:50, ConfigReloadAutomatic:false, ConfigReloadInterval:0},
    Os:          struct { Name string "json:\"name\""; Arch string "json:\"arch\""; Version string "json:\"version\""; AvailableProcessors int "json:\"available_processors\"" }{},
    Jvm:         struct { Pid int "json:\"pid\""; Version string "json:\"version\""; VMName string "json:\"vm_name\""; VMVersion string "json:\"vm_version\""; VMVendor string "json:\"vm_vendor\""; StartTimeInMillis int64 "json:\"start_time_in_millis\""; Mem struct { HeapInitInBytes int "json:\"heap_init_in_bytes\""; HeapMaxInBytes int "json:\"heap_max_in_bytes\""; NonHeapInitInBytes int "json:\"non_heap_init_in_bytes\""; NonHeapMaxInBytes int "json:\"non_heap_max_in_bytes\"" } "json:\"mem\""; GcCollectors []string "json:\"gc_collectors\"" }{
        Pid:               0,
        Version:           "",
        VMName:            "",
        VMVersion:         "",
        VMVendor:          "",
        StartTimeInMillis: 0,
        Mem:               struct { HeapInitInBytes int "json:\"heap_init_in_bytes\""; HeapMaxInBytes int "json:\"heap_max_in_bytes\""; NonHeapInitInBytes int "json:\"non_heap_init_in_bytes\""; NonHeapMaxInBytes int "json:\"non_heap_max_in_bytes\"" }{HeapInitInBytes:0, HeapMaxInBytes:1073741822, NonHeapInitInBytes:0, NonHeapMaxInBytes:0},
        GcCollectors:      nil,
    },
}
---
