
[TestNodeStatsResponseStructure - 1]
Unmarshalled NodestatsResponse
responses.NodestatsResponse{
    Host:        "9e6e14cf5532",
    Version:     "8.6.1",
    HttpAddress: "0.0.0.0:9600",
    Id:          "a2c7110e-5ccf-4226-bc9b-e773710e66a0",
    Name:        "9e6e14cf5532",
    EphemeralId: "4a2ee04f-2733-4eaa-887d-675bad27f07c",
    Status:      "green",
    Snapshot:    false,
    Pipeline:    responses.PipelineResponse{Workers:16, BatchSize:125, BatchDelay:50},
    Jvm:         responses.JvmResponse{
        Threads: struct { Count int "json:\"count\""; PeakCount int "json:\"peak_count\"" }{Count:60, PeakCount:60},
        Mem:     struct { HeapUsedPercent int "json:\"heap_used_percent\""; HeapCommittedInBytes int "json:\"heap_committed_in_bytes\""; HeapMaxInBytes int "json:\"heap_max_in_bytes\""; HeapUsedInBytes int "json:\"heap_used_in_bytes\""; NonHeapUsedInBytes int "json:\"non_heap_used_in_bytes\""; NonHeapCommittedInBytes int "json:\"non_heap_committed_in_bytes\""; Pools struct { Young struct { PeakMaxInBytes int "json:\"peak_max_in_bytes\""; MaxInBytes int "json:\"max_in_bytes\""; CommittedInBytes int "json:\"committed_in_bytes\""; PeakUsedInBytes int "json:\"peak_used_in_bytes\""; UsedInBytes int "json:\"used_in_bytes\"" } "json:\"young\""; Old struct { PeakMaxInBytes int "json:\"peak_max_in_bytes\""; MaxInBytes int "json:\"max_in_bytes\""; CommittedInBytes int "json:\"committed_in_bytes\""; PeakUsedInBytes int "json:\"peak_used_in_bytes\""; UsedInBytes int "json:\"used_in_bytes\"" } "json:\"old\""; Survivor struct { PeakMaxInBytes int "json:\"peak_max_in_bytes\""; MaxInBytes int "json:\"max_in_bytes\""; CommittedInBytes int "json:\"committed_in_bytes\""; PeakUsedInBytes int "json:\"peak_used_in_bytes\""; UsedInBytes int "json:\"used_in_bytes\"" } "json:\"survivor\"" } "json:\"pools\"" }{
            HeapUsedPercent:         27,
            HeapCommittedInBytes:    1073741824,
            HeapMaxInBytes:          1073741822,
            HeapUsedInBytes:         294044784,
            NonHeapUsedInBytes:      147703688,
            NonHeapCommittedInBytes: 155189248,
            Pools:                   struct { Young struct { PeakMaxInBytes int "json:\"peak_max_in_bytes\""; MaxInBytes int "json:\"max_in_bytes\""; CommittedInBytes int "json:\"committed_in_bytes\""; PeakUsedInBytes int "json:\"peak_used_in_bytes\""; UsedInBytes int "json:\"used_in_bytes\"" } "json:\"young\""; Old struct { PeakMaxInBytes int "json:\"peak_max_in_bytes\""; MaxInBytes int "json:\"max_in_bytes\""; CommittedInBytes int "json:\"committed_in_bytes\""; PeakUsedInBytes int "json:\"peak_used_in_bytes\""; UsedInBytes int "json:\"used_in_bytes\"" } "json:\"old\""; Survivor struct { PeakMaxInBytes int "json:\"peak_max_in_bytes\""; MaxInBytes int "json:\"max_in_bytes\""; CommittedInBytes int "json:\"committed_in_bytes\""; PeakUsedInBytes int "json:\"peak_used_in_bytes\""; UsedInBytes int "json:\"used_in_bytes\"" } "json:\"survivor\"" }{
                Young:    struct { PeakMaxInBytes int "json:\"peak_max_in_bytes\""; MaxInBytes int "json:\"max_in_bytes\""; CommittedInBytes int "json:\"committed_in_bytes\""; PeakUsedInBytes int "json:\"peak_used_in_bytes\""; UsedInBytes int "json:\"used_in_bytes\"" }{PeakMaxInBytes:-1, MaxInBytes:-1, CommittedInBytes:346030080, PeakUsedInBytes:326107136, UsedInBytes:180355072},
                Old:      struct { PeakMaxInBytes int "json:\"peak_max_in_bytes\""; MaxInBytes int "json:\"max_in_bytes\""; CommittedInBytes int "json:\"committed_in_bytes\""; PeakUsedInBytes int "json:\"peak_used_in_bytes\""; UsedInBytes int "json:\"used_in_bytes\"" }{PeakMaxInBytes:1073741824, MaxInBytes:1073741824, CommittedInBytes:687865856, PeakUsedInBytes:73986560, UsedInBytes:73986560},
                Survivor: struct { PeakMaxInBytes int "json:\"peak_max_in_bytes\""; MaxInBytes int "json:\"max_in_bytes\""; CommittedInBytes int "json:\"committed_in_bytes\""; PeakUsedInBytes int "json:\"peak_used_in_bytes\""; UsedInBytes int "json:\"used_in_bytes\"" }{PeakMaxInBytes:-1, MaxInBytes:-1, CommittedInBytes:39845888, PeakUsedInBytes:39703152, UsedInBytes:39703152},
            },
        },
        Gc: struct { Collectors struct { Young struct { CollectionCount int "json:\"collection_count\""; CollectionTimeInMillis int "json:\"collection_time_in_millis\"" } "json:\"young\""; Old struct { CollectionCount int "json:\"collection_count\""; CollectionTimeInMillis int "json:\"collection_time_in_millis\"" } "json:\"old\"" } "json:\"collectors\"" }{
            Collectors: struct { Young struct { CollectionCount int "json:\"collection_count\""; CollectionTimeInMillis int "json:\"collection_time_in_millis\"" } "json:\"young\""; Old struct { CollectionCount int "json:\"collection_count\""; CollectionTimeInMillis int "json:\"collection_time_in_millis\"" } "json:\"old\"" }{
                Young: struct { CollectionCount int "json:\"collection_count\""; CollectionTimeInMillis int "json:\"collection_time_in_millis\"" }{CollectionCount:8, CollectionTimeInMillis:224},
                Old:   struct { CollectionCount int "json:\"collection_count\""; CollectionTimeInMillis int "json:\"collection_time_in_millis\"" }{},
            },
        },
        UptimeInMillis: 53120,
    },
    Process: responses.ProcessResponse{
        OpenFileDescriptors:     98,
        PeakOpenFileDescriptors: 98,
        MaxFileDescriptors:      1048576,
        Mem:                     struct { TotalVirtualInBytes int64 "json:\"total_virtual_in_bytes\"" }{TotalVirtualInBytes:9305346048},
        CPU:                     struct { TotalInMillis int64 "json:\"total_in_millis\""; Percent int64 "json:\"percent\""; LoadAverage struct { OneM float64 "json:\"1m\""; FiveM float64 "json:\"5m\""; FifteenM float64 "json:\"15m\"" } "json:\"load_average\"" }{
            TotalInMillis: 135300,
            Percent:       0,
            LoadAverage:   struct { OneM float64 "json:\"1m\""; FiveM float64 "json:\"5m\""; FifteenM float64 "json:\"15m\"" }{OneM:3.79, FiveM:1.29, FifteenM:0.46},
        },
    },
    Pipelines: responses.PipelinesResponse{},
    Reloads:   responses.ReloadResponse{},
    Os:        responses.OsResponse{
        Cgroup: struct { Cpu struct { CfsPeriodMicros int64 "json:\"cfs_period_micros\""; CfsQuotaMicros int64 "json:\"cfs_quota_micros\""; Stat struct { TimeThrottledNanos int64 "json:\"time_throttled_nanos\""; NumberOfTimesThrottled int64 "json:\"number_of_times_throttled\""; NumberOfElapsedPeriods int64 "json:\"number_of_elapsed_periods\"" } "json:\"stat\""; ControlGroup string "json:\"control_group\"" } "json:\"cpu\""; Cpuacct struct { UsageNanos int64 "json:\"usage_nanos\""; ControlGroup string "json:\"control_group\"" } "json:\"cpuacct\"" }{
            Cpu: struct { CfsPeriodMicros int64 "json:\"cfs_period_micros\""; CfsQuotaMicros int64 "json:\"cfs_quota_micros\""; Stat struct { TimeThrottledNanos int64 "json:\"time_throttled_nanos\""; NumberOfTimesThrottled int64 "json:\"number_of_times_throttled\""; NumberOfElapsedPeriods int64 "json:\"number_of_elapsed_periods\"" } "json:\"stat\""; ControlGroup string "json:\"control_group\"" }{
                CfsPeriodMicros: 100000,
                CfsQuotaMicros:  -1,
                Stat:            struct { TimeThrottledNanos int64 "json:\"time_throttled_nanos\""; NumberOfTimesThrottled int64 "json:\"number_of_times_throttled\""; NumberOfElapsedPeriods int64 "json:\"number_of_elapsed_periods\"" }{},
                ControlGroup:    "/",
            },
            Cpuacct: struct { UsageNanos int64 "json:\"usage_nanos\""; ControlGroup string "json:\"control_group\"" }{UsageNanos:161531487900, ControlGroup:"/"},
        },
    },
    Queue: responses.QueueResponse{},
}
---
